// Jest Snapshot v1, https://goo.gl/fbAQLP

exports[`MicroServices should render correctly 1`] = `
<div>
  <div
    class="flex flex-col items-center h-[70vh] min-w-[200px] rounded-3xl  bg-[#211E1E] ml-10 my-10 border-[3px] border-solid border-[#18CCCC] overflow-y-scroll"
  >
    <div
      class="flex items-center justify-center h-[6vh] text-[23px] text-center w-full py-2 px-0 m-1 text-white border-solid border-b-2 border-b-[#18CCCC] font-[\\"Bebas_Neue\\"]"
    >
      SYSTEM COMPONENTS
    </div>
  </div>
</div>
`;
